// Jest Snapshot v1, https://goo.gl/fbAQLP

exports[`BenefitPrice it has 0px padding by default 1`] = `
.c0 {
  background: none;
  display: -webkit-box;
  display: -webkit-flex;
  display: -ms-flexbox;
  display: flex;
  -webkit-align-items: flex-start;
  -webkit-box-align: flex-start;
  -ms-flex-align: flex-start;
  align-items: flex-start;
  padding: 0;
  border: none;
}

.c1 {
  background: none;
  display: -webkit-box;
  display: -webkit-flex;
  display: -ms-flexbox;
  display: flex;
  -webkit-flex-direction: column;
  -ms-flex-direction: column;
  flex-direction: column;
  -webkit-align-items: center;
  -webkit-box-align: center;
  -ms-flex-align: center;
  align-items: center;
  padding: 0;
  margin: 5px 0;
  border: none;
}

.c2 {
  background: none;
  display: -webkit-box;
  display: -webkit-flex;
  display: -ms-flexbox;
  display: flex;
  padding: 0;
  border: none;
}

.c6 {
  background: none;
  padding: 0;
  margin: -10px 0 0 0;
  border: none;
}

.c7 {
  color: #8F9DA8;
  font-size: 8pt;
  font-weight: normal;
  border-bottom: none;
  -webkit-box-pack: start;
  -webkit-justify-content: flex-start;
  -ms-flex-pack: start;
  justify-content: flex-start;
  line-height: inherit;
  text-align: inherit;
  text-indent: inherit;
  text-transform: none;
  text-overflow: inherit;
  -webkit-user-select: inherit;
  -moz-user-select: inherit;
  -ms-user-select: inherit;
  user-select: inherit;
  white-space: inherit;
  width: auto;
  word-break: inherit;
}

.c3 {
  font-size: 15pt;
  padding: 0 5px 0 0;
  font-weight: 300;
  color: #3A4951;
}

.c4 {
  font-size: 32pt;
  margin-top: -10px;
  color: #3A4951;
}

.c5 {
  font-size: 13pt;
  font-weight: bold;
  color: #3A4951;
}

<div
  className="c0"
  default={false}
  direction=""
  height={null}
  muted={false}
  width={null}
>
  <div
    className="c1"
    default={false}
    direction=""
    height={null}
    muted={false}
    width={null}
  >
    <div
      className="c2"
      default={false}
      direction=""
      height={null}
      muted={false}
      width={null}
    >
      <span
        className="c3"
        id="dollar-sign"
      >
        $
      </span>
      <span
        className="c4"
        id="dollars"
      >
        4321
      </span>
      <span
        className="c5"
        id="cents"
      >
        .
        00
      </span>
    </div>
    <div
      className="c6"
      default={false}
      direction=""
      height={null}
      muted={false}
      width={null}
    >
      <span
        className="c7"
        fontSize="8pt"
        href={null}
        id="label"
      >
        monthly
      </span>
    </div>
  </div>
</div>
`;

exports[`BenefitPrice it should render with background: none 1`] = `
.c0 {
  background: none;
  display: -webkit-box;
  display: -webkit-flex;
  display: -ms-flexbox;
  display: flex;
  -webkit-align-items: flex-start;
  -webkit-box-align: flex-start;
  -ms-flex-align: flex-start;
  align-items: flex-start;
  padding: 0;
  border: none;
}

.c1 {
  background: none;
  display: -webkit-box;
  display: -webkit-flex;
  display: -ms-flexbox;
  display: flex;
  -webkit-flex-direction: column;
  -ms-flex-direction: column;
  flex-direction: column;
  -webkit-align-items: center;
  -webkit-box-align: center;
  -ms-flex-align: center;
  align-items: center;
  padding: 0;
  margin: 5px 0;
  border: none;
}

.c2 {
  background: none;
  display: -webkit-box;
  display: -webkit-flex;
  display: -ms-flexbox;
  display: flex;
  padding: 0;
  border: none;
}

.c6 {
  background: none;
  padding: 0;
  margin: -10px 0 0 0;
  border: none;
}

.c7 {
  color: #8F9DA8;
  font-size: 8pt;
  font-weight: normal;
  border-bottom: none;
  -webkit-box-pack: start;
  -webkit-justify-content: flex-start;
  -ms-flex-pack: start;
  justify-content: flex-start;
  line-height: inherit;
  text-align: inherit;
  text-indent: inherit;
  text-transform: none;
  text-overflow: inherit;
  -webkit-user-select: inherit;
  -moz-user-select: inherit;
  -ms-user-select: inherit;
  user-select: inherit;
  white-space: inherit;
  width: auto;
  word-break: inherit;
}

.c3 {
  font-size: 15pt;
  padding: 0 5px 0 0;
  font-weight: 300;
  color: #3A4951;
}

.c4 {
  font-size: 32pt;
  margin-top: -10px;
  color: #3A4951;
}

.c5 {
  font-size: 13pt;
  font-weight: bold;
  color: #3A4951;
}

<div
  className="c0"
  default={false}
  direction=""
  height={null}
  muted={false}
  width={null}
>
  <div
    className="c1"
    default={false}
    direction=""
    height={null}
    muted={false}
    width={null}
  >
    <div
      className="c2"
      default={false}
      direction=""
      height={null}
      muted={false}
      width={null}
    >
      <span
        className="c3"
        id="dollar-sign"
      >
        $
      </span>
      <span
        className="c4"
        id="dollars"
      >
        4321
      </span>
      <span
        className="c5"
        id="cents"
      >
        .
        00
      </span>
    </div>
    <div
      className="c6"
      default={false}
      direction=""
      height={null}
      muted={false}
      width={null}
    >
      <span
        className="c7"
        fontSize="8pt"
        href={null}
        id="label"
      >
        monthly
      </span>
    </div>
  </div>
</div>
`;

exports[`BenefitPrice it should render with display: flex 1`] = `
.c0 {
  background: none;
  display: -webkit-box;
  display: -webkit-flex;
  display: -ms-flexbox;
  display: flex;
  -webkit-align-items: flex-start;
  -webkit-box-align: flex-start;
  -ms-flex-align: flex-start;
  align-items: flex-start;
  padding: 0;
  border: none;
}

.c1 {
  background: none;
  display: -webkit-box;
  display: -webkit-flex;
  display: -ms-flexbox;
  display: flex;
  -webkit-flex-direction: column;
  -ms-flex-direction: column;
  flex-direction: column;
  -webkit-align-items: center;
  -webkit-box-align: center;
  -ms-flex-align: center;
  align-items: center;
  padding: 0;
  margin: 5px 0;
  border: none;
}

.c2 {
  background: none;
  display: -webkit-box;
  display: -webkit-flex;
  display: -ms-flexbox;
  display: flex;
  padding: 0;
  border: none;
}

.c6 {
  background: none;
  padding: 0;
  margin: -10px 0 0 0;
  border: none;
}

.c7 {
  color: #8F9DA8;
  font-size: 8pt;
  font-weight: normal;
  border-bottom: none;
  -webkit-box-pack: start;
  -webkit-justify-content: flex-start;
  -ms-flex-pack: start;
  justify-content: flex-start;
  line-height: inherit;
  text-align: inherit;
  text-indent: inherit;
  text-transform: none;
  text-overflow: inherit;
  -webkit-user-select: inherit;
  -moz-user-select: inherit;
  -ms-user-select: inherit;
  user-select: inherit;
  white-space: inherit;
  width: auto;
  word-break: inherit;
}

.c3 {
  font-size: 15pt;
  padding: 0 5px 0 0;
  font-weight: 300;
  color: #3A4951;
}

.c4 {
  font-size: 32pt;
  margin-top: -10px;
  color: #3A4951;
}

.c5 {
  font-size: 13pt;
  font-weight: bold;
  color: #3A4951;
}

<div
  className="c0"
  default={false}
  direction=""
  height={null}
  muted={false}
  width={null}
>
  <div
    className="c1"
    default={false}
    direction=""
    height={null}
    muted={false}
    width={null}
  >
    <div
      className="c2"
      default={false}
      direction=""
      height={null}
      muted={false}
      width={null}
    >
      <span
        className="c3"
        id="dollar-sign"
      >
        $
      </span>
      <span
        className="c4"
        id="dollars"
      >
        4321
      </span>
      <span
        className="c5"
        id="cents"
      >
        .
        00
      </span>
    </div>
    <div
      className="c6"
      default={false}
      direction=""
      height={null}
      muted={false}
      width={null}
    >
      <span
        className="c7"
        fontSize="8pt"
        href={null}
        id="label"
      >
        monthly
      </span>
    </div>
  </div>
</div>
`;
