// Jest Snapshot v1, https://goo.gl/fbAQLP

exports[`StyledTable Should have all necessary global styles 1`] = `
.c0 {
  width: 100%;
  min-width: 350px;
  border-collapse: collapse;
}

.c0 thead {
  text-align: left;
}

.c0 thead tr {
  background-color: #2EAE8F;
  border-color: transparent;
  color: white;
}

.c0 thead th {
  font-weight: 400;
  vertical-align: top;
}

.c0 thead th:first-child {
  border-radius: 2px 0 0;
}

.c0 thead th:last-child {
  border-radius: 0 2px 0 0;
}

.c0 tbody {
  text-align: left;
}

.c0 tbody tr:nth-child(even) {
  background-color: white;
}

.c0 tbody tr:nth-child(odd) {
  background-color: white;
}

.c0 th,
.c0 td {
  padding: 15px;
  height: 46px;
}

.c0 td {
  color: #3a4951;
}

.c0 tr {
  background-color: white;
  border-bottom: 1px solid #DBE2E8;
}

<table
  className="c0"
/>
`;
